
============================================================
BATTLESHIP BASIC — TOURNAMENT
============================================================

[SYSTEM]
  OS           : Linux
  Java         : 17.0.6
  Max Heap     : 28672 MB
  JVM Args     : [-Xms28g, -Xmx28g, -XX:+UseG1GC]

[TOURNAMENT CONFIG]
  game                 : BASICBattleship
  nPlayers             : 2
  matchups             : 10000
  mode                 : exhaustive
  seed                 : 2000
  verbose              : false
  playerDirectory      : /globalscratch/jelechat/TAG/agents_100
  listener             : games.battleship_basic.metrics.BasicPerformanceListener
  destDir              : /scratch/378001/results

[CLI OVERRIDES]
  seed=2000
  matchups=10000
  playerDirectory=/globalscratch/jelechat/TAG/agents_100
  destDir=/scratch/378001/results
  verbose=false

============================================================

Game: BASICBattleship, Players: 2
Game: BASICBattleship, Players: 2, Mode: EXHAUSTIVE, TotalGames: 10000, GamesPerMatchup: 500
>>> BasicPerformanceListener → /scratch/378001/results/
