
============================================================
BATTLESHIP SMART — TOURNAMENT
============================================================

[SYSTEM]
  OS           : Linux
  Java         : 17.0.6
  Max Heap     : 28672 MB
  JVM Args     : [-Xms28g, -Xmx28g, -XX:+UseG1GC]

[TOURNAMENT CONFIG]
  game                 : SMARTBattleship
  nPlayers             : 2
  matchups             : 10000
  mode                 : exhaustive
  seed                 : 2000
  verbose              : false
  playerDirectory      : /globalscratch/jelechat/TAG/agents_5000
  listener             : games.battleship_smart.metrics.SmartPerformanceListener
  destDir              : /scratch/378002/results

[CLI OVERRIDES]
  seed=2000
  matchups=10000
  playerDirectory=/globalscratch/jelechat/TAG/agents_5000
  destDir=/scratch/378002/results
  verbose=false

============================================================

Game: SMARTBattleship, Players: 2
Game: SMARTBattleship, Players: 2, Mode: EXHAUSTIVE, TotalGames: 10000, GamesPerMatchup: 500
>>> SmartPerformanceListener → /scratch/378002/results/
